// Jest Snapshot v1, https://goo.gl/fbAQLP

exports[`Molecules > EvolutionsList test Matches the snapshot 1`] = `
<ul
  class="h-full css-1xa84ef"
  data-testid="evolutions-list"
  role="list"
>
  <div
    class="border-b border-black last:border-transparent"
  >
    <a
      class="chakra-link w-full css-ofs0kf"
      data-testid="evolution-card"
      href="/evolucion/1/1"
    >
      <div
        class="mb-1 flex flex-row items-center justify-between"
      >
        <div
          class="flex flex-col items-start gap-1"
        >
          <b
            class="chakra-text css-qqfgvy"
          >
            Evolución 1: 17, septiembre 2024
          </b>
          <div
            class="flex flex-col items-start gap-1"
          >
            <p
              class="chakra-text css-0"
            >
              Editado por: Pedro Pérez
            </p>
            <p
              class="chakra-text css-0"
            >
              Patología: Dolor
            </p>
          </div>
        </div>
        <div />
      </div>
    </a>
  </div>
  <div
    class="border-b border-black last:border-transparent"
  >
    <a
      class="chakra-link w-full css-ofs0kf"
      data-testid="evolution-card"
      href="/evolucion/1/2"
    >
      <div
        class="mb-1 flex flex-row items-center justify-between"
      >
        <div
          class="flex flex-col items-start gap-1"
        >
          <b
            class="chakra-text css-qqfgvy"
          >
            Evolución 2: 17, septiembre 2024
          </b>
          <div
            class="flex flex-col items-start gap-1"
          >
            <p
              class="chakra-text css-0"
            >
              Editado por: Pedro Pérez
            </p>
            <p
              class="chakra-text css-0"
            >
              Patología: Dolor
            </p>
          </div>
        </div>
        <div />
      </div>
    </a>
  </div>
  <div
    class="border-b border-black last:border-transparent"
  >
    <a
      class="chakra-link w-full css-ofs0kf"
      data-testid="evolution-card"
      href="/evolucion/1/3"
    >
      <div
        class="mb-1 flex flex-row items-center justify-between"
      >
        <div
          class="flex flex-col items-start gap-1"
        >
          <b
            class="chakra-text css-qqfgvy"
          >
            Evolución 3: 17, septiembre 2024
          </b>
          <div
            class="flex flex-col items-start gap-1"
          >
            <p
              class="chakra-text css-0"
            >
              Editado por: Pedro Pérez
            </p>
            <p
              class="chakra-text css-0"
            >
              Patología: Dolor
            </p>
          </div>
        </div>
        <div />
      </div>
    </a>
  </div>
  <div
    class="border-b border-black last:border-transparent"
  >
    <a
      class="chakra-link w-full css-ofs0kf"
      data-testid="evolution-card"
      href="/evolucion/1/4"
    >
      <div
        class="mb-1 flex flex-row items-center justify-between"
      >
        <div
          class="flex flex-col items-start gap-1"
        >
          <b
            class="chakra-text css-qqfgvy"
          >
            Evolución 4: 17, septiembre 1997
          </b>
          <div
            class="flex flex-col items-start gap-1"
          >
            <p
              class="chakra-text css-0"
            >
              Editado por: Pedro Pérez
            </p>
            <p
              class="chakra-text css-0"
            >
              Patología: Dolor
            </p>
          </div>
        </div>
        <div />
      </div>
    </a>
  </div>
  <div
    class="border-b border-black last:border-transparent"
  >
    <a
      class="chakra-link w-full css-ofs0kf"
      data-testid="evolution-card"
      href="/evolucion/1/5"
    >
      <div
        class="mb-1 flex flex-row items-center justify-between"
      >
        <div
          class="flex flex-col items-start gap-1"
        >
          <b
            class="chakra-text css-qqfgvy"
          >
            Evolución 5: 17, septiembre 1997
          </b>
          <div
            class="flex flex-col items-start gap-1"
          >
            <p
              class="chakra-text css-0"
            >
              Editado por: Pedro Pérez
            </p>
            <p
              class="chakra-text css-0"
            >
              Patología: Dolor
            </p>
          </div>
        </div>
        <div />
      </div>
    </a>
  </div>
  <div
    class="border-b border-black last:border-transparent"
  >
    <a
      class="chakra-link w-full css-ofs0kf"
      data-testid="evolution-card"
      href="/evolucion/1/6"
    >
      <div
        class="mb-1 flex flex-row items-center justify-between"
      >
        <div
          class="flex flex-col items-start gap-1"
        >
          <b
            class="chakra-text css-qqfgvy"
          >
            Evolución 6: 17, septiembre 1997
          </b>
          <div
            class="flex flex-col items-start gap-1"
          >
            <p
              class="chakra-text css-0"
            >
              Editado por: Pedro Pérez
            </p>
            <p
              class="chakra-text css-0"
            >
              Patología: Dolor
            </p>
          </div>
        </div>
        <div />
      </div>
    </a>
  </div>
  <div
    class="border-b border-black last:border-transparent"
  >
    <a
      class="chakra-link w-full css-ofs0kf"
      data-testid="evolution-card"
      href="/evolucion/1/7"
    >
      <div
        class="mb-1 flex flex-row items-center justify-between"
      >
        <div
          class="flex flex-col items-start gap-1"
        >
          <b
            class="chakra-text css-qqfgvy"
          >
            Evolución 7: 17, septiembre 1997
          </b>
          <div
            class="flex flex-col items-start gap-1"
          >
            <p
              class="chakra-text css-0"
            >
              Editado por: Pedro Pérez
            </p>
            <p
              class="chakra-text css-0"
            >
              Patología: Dolor
            </p>
          </div>
        </div>
        <div />
      </div>
    </a>
  </div>
  <div
    class="border-b border-black last:border-transparent"
  >
    <a
      class="chakra-link w-full css-ofs0kf"
      data-testid="evolution-card"
      href="/evolucion/1/8"
    >
      <div
        class="mb-1 flex flex-row items-center justify-between"
      >
        <div
          class="flex flex-col items-start gap-1"
        >
          <b
            class="chakra-text css-qqfgvy"
          >
            Evolución 8: 17, septiembre 1997
          </b>
          <div
            class="flex flex-col items-start gap-1"
          >
            <p
              class="chakra-text css-0"
            >
              Editado por: Pedro Pérez
            </p>
            <p
              class="chakra-text css-0"
            >
              Patología: Dolor
            </p>
          </div>
        </div>
        <div />
      </div>
    </a>
  </div>
  <div
    class="border-b border-black last:border-transparent"
  >
    <a
      class="chakra-link w-full css-ofs0kf"
      data-testid="evolution-card"
      href="/evolucion/1/9"
    >
      <div
        class="mb-1 flex flex-row items-center justify-between"
      >
        <div
          class="flex flex-col items-start gap-1"
        >
          <b
            class="chakra-text css-qqfgvy"
          >
            Evolución 9: 17, septiembre 1997
          </b>
          <div
            class="flex flex-col items-start gap-1"
          >
            <p
              class="chakra-text css-0"
            >
              Editado por: Pedro Pérez
            </p>
            <p
              class="chakra-text css-0"
            >
              Patología: Dolor
            </p>
          </div>
        </div>
        <div />
      </div>
    </a>
  </div>
</ul>
`
