// Jest Snapshot v1, https://goo.gl/fbAQLP

exports[`Organisms > Patient test Matches the snapshot 1`] = `
<div
  class="mx-auto block h-screen w-screen overflow-hidden px-8 lg:px-96 pt-8"
  data-testid="patient"
>
  <div
    class="my-8 flex flex-row items-center justify-start gap-4"
  >
    <button
      aria-label="back"
      class="chakra-button css-84vx7q"
      type="button"
    >
      <svg
        aria-hidden="true"
        class="chakra-icon css-onkibi"
        focusable="false"
        viewBox="0 0 24 24"
      >
        <path
          d="M20 11H7.83l5.59-5.59L12 4l-8 8 8 8 1.41-1.41L7.83 13H20v-2z"
          fill="currentColor"
        />
      </svg>
    </button>
    <p
      class="chakra-text font-medium css-0"
    >
      Ficha médica
    </p>
  </div>
  <div
    class="flex flex-row items-center justify-between"
  >
    <div
      class="chakra-stack css-1uriqkk"
    >
      <h2
        class="chakra-heading css-ypohwm"
      >
        José Feliciano
         
        Gutierrez García
      </h2>
      <p
        class="chakra-text css-0"
      >
        CI: 
        E99885561
      </p>
    </div>
  </div>
  <hr
    aria-orientation="horizontal"
    class="chakra-divider css-svjswr"
  />
  <div
    class="chakra-stack css-1420a3n"
  >
    <h4
      class="text-sm text-gray-600"
    >
      Fecha de nacimiento
    </h4>
    <p
      class="chakra-text font-medium css-0"
    >
      11 de noviembre, 1999
    </p>
  </div>
  <div
    class="chakra-stack css-1j35777"
  >
    <h4
      class="text-sm text-gray-600"
    >
      Correo electrónico
    </h4>
    <p
      class="chakra-text font-medium css-0"
    >
      user@example.com
    </p>
  </div>
  <div
    class="chakra-stack css-1j35777"
  >
    <h4
      class="text-sm text-gray-600"
    >
      Teléfono
    </h4>
    <p
      class="chakra-text font-medium css-0"
    >
      +584127659814
    </p>
  </div>
</div>
`
