// Jest Snapshot v1, https://goo.gl/fbAQLP

exports[`Molecules > Forms > Login test Matches the snapshot 1`] = `
<form
  class="flex flex-col items-center gap-4"
  data-testid="login-form"
>
  <div
    class="w-full"
    data-testid="input-component"
  >
    <label
      for="email"
    >
      Correo electr칩nico
    </label>
    <input
      class="chakra-input min-h-10 css-1cjy4zv"
      id="email"
      placeholder="Introduzca su correo electr칩nico"
    />
  </div>
  <div
    class="w-full"
    data-testid="input-component"
  >
    <label
      for="password"
    >
      Contrase침a
    </label>
    <input
      class="chakra-input min-h-10 css-1cjy4zv"
      id="password"
      placeholder="Introduzca su contrase침a"
    />
  </div>
  <button
    class="chakra-button css-ez23ye"
    type="submit"
  >
    Ingresar
  </button>
</form>
`
