// Jest Snapshot v1, https://goo.gl/fbAQLP

exports[`Organisms > DoctorProfile test Matches the snapshot 1`] = `
<div
  class="flex h-screen w-screen flex-col p-8 lg:px-96 "
  data-testid="doctor-profile"
>
  <p
    class="chakra-text mb-6 font-medium css-0"
  >
    Perfil
  </p>
  <div
    class="flex h-full flex-col"
  >
    <form
      class="h-full"
    >
      <div
        class="h-5/6 overflow-scroll"
      >
        <div
          class="chakra-stack css-1uriqkk"
        >
          <h3
            class="chakra-heading css-ypohwm"
          >
            José
             
            Pérez
          </h3>
          <p
            class="chakra-text css-0"
          >
            CI: 
            1.000.000
          </p>
        </div>
        <div
          class="chakra-stack css-1j35777"
        >
          <h4
            class="text-sm text-gray-600"
          >
            Fecha de nacimiento
          </h4>
          <p
            class="chakra-text font-medium css-0"
          >
            17 de septiembre, 1997
          </p>
        </div>
        <div
          class="chakra-stack css-1j35777"
        >
          <h4
            class="text-sm text-gray-600"
          >
            Correo electrónico
          </h4>
          <p
            class="chakra-text font-medium css-0"
          >
            joseperez@gmail.com
          </p>
        </div>
        <div
          class="chakra-stack css-1j35777"
        >
          <h4
            class="text-sm text-gray-600"
          >
            Teléfono
          </h4>
          <p
            class="chakra-text font-medium css-0"
          >
            4127775522
          </p>
        </div>
        <hr
          aria-orientation="horizontal"
          class="chakra-divider css-svjswr"
        />
        <div
          class="mt-6 css-b62m3t-container"
          id="specialities"
        >
          <span
            class="css-1f43avz-a11yText-A11yText"
            id="react-select-4-live-region"
          />
          <span
            aria-atomic="false"
            aria-live="polite"
            aria-relevant="additions text"
            class="css-1f43avz-a11yText-A11yText"
            role="log"
          />
          <div
            class=" css-13cymwt-control"
          >
            <div
              class=" css-3w2yfm-ValueContainer"
            >
              <div
                class=" css-1p3m7a8-multiValue"
              >
                <div
                  class=" css-wsp0cs-MultiValueGeneric"
                >
                  Alergología
                </div>
                <div
                  aria-label="Remove Alergología"
                  class=" css-12a83d4-MultiValueRemove"
                  role="button"
                >
                  <svg
                    aria-hidden="true"
                    class="css-tj5bde-Svg"
                    focusable="false"
                    height="14"
                    viewBox="0 0 20 20"
                    width="14"
                  >
                    <path
                      d="M14.348 14.849c-0.469 0.469-1.229 0.469-1.697 0l-2.651-3.030-2.651 3.029c-0.469 0.469-1.229 0.469-1.697 0-0.469-0.469-0.469-1.229 0-1.697l2.758-3.15-2.759-3.152c-0.469-0.469-0.469-1.228 0-1.697s1.228-0.469 1.697 0l2.652 3.031 2.651-3.031c0.469-0.469 1.228-0.469 1.697 0s0.469 1.229 0 1.697l-2.758 3.152 2.758 3.15c0.469 0.469 0.469 1.229 0 1.698z"
                    />
                  </svg>
                </div>
              </div>
              <div
                class=" css-qbdosj-Input"
                data-value=""
              >
                <input
                  aria-activedescendant=""
                  aria-autocomplete="list"
                  aria-expanded="false"
                  aria-haspopup="true"
                  autocapitalize="none"
                  autocomplete="off"
                  autocorrect="off"
                  class=""
                  id="react-select-4-input"
                  role="combobox"
                  spellcheck="false"
                  style="opacity: 1; width: 100%; grid-area: 1 / 2; min-width: 2px; border: 0px; margin: 0px; outline: 0; padding: 0px;"
                  tabindex="0"
                  type="text"
                  value=""
                />
              </div>
            </div>
            <div
              class=" css-1hb7zxy-IndicatorsContainer"
            >
              <div
                aria-hidden="true"
                class=" css-1xc3v61-indicatorContainer"
              >
                <svg
                  aria-hidden="true"
                  class="css-tj5bde-Svg"
                  focusable="false"
                  height="20"
                  viewBox="0 0 20 20"
                  width="20"
                >
                  <path
                    d="M14.348 14.849c-0.469 0.469-1.229 0.469-1.697 0l-2.651-3.030-2.651 3.029c-0.469 0.469-1.229 0.469-1.697 0-0.469-0.469-0.469-1.229 0-1.697l2.758-3.15-2.759-3.152c-0.469-0.469-0.469-1.228 0-1.697s1.228-0.469 1.697 0l2.652 3.031 2.651-3.031c0.469-0.469 1.228-0.469 1.697 0s0.469 1.229 0 1.697l-2.758 3.152 2.758 3.15c0.469 0.469 0.469 1.229 0 1.698z"
                  />
                </svg>
              </div>
              <span
                class=" css-1u9des2-indicatorSeparator"
              />
              <div
                aria-hidden="true"
                class=" css-1xc3v61-indicatorContainer"
              >
                <svg
                  aria-hidden="true"
                  class="css-tj5bde-Svg"
                  focusable="false"
                  height="20"
                  viewBox="0 0 20 20"
                  width="20"
                >
                  <path
                    d="M4.516 7.548c0.436-0.446 1.043-0.481 1.576 0l3.908 3.747 3.908-3.747c0.533-0.481 1.141-0.446 1.574 0 0.436 0.445 0.408 1.197 0 1.615-0.406 0.418-4.695 4.502-4.695 4.502-0.217 0.223-0.502 0.335-0.787 0.335s-0.57-0.112-0.789-0.335c0 0-4.287-4.084-4.695-4.502s-0.436-1.17 0-1.615z"
                  />
                </svg>
              </div>
            </div>
          </div>
          <div>
            <input
              name="specialities"
              type="hidden"
              value="1"
            />
          </div>
        </div>
      </div>
      <button
        class="chakra-button mt-0 w-full css-ez23ye"
        type="submit"
      >
        Guardar
      </button>
    </form>
  </div>
</div>
`
