// Jest Snapshot v1, https://goo.gl/fbAQLP

exports[`Atoms > Cards > Profile test Matches the snapshot 1`] = `
<div
  class="mb-6 w-full rounded-xl border-2 border-black p-4"
  data-testid="profile-card"
>
  <div
    class="flex flex-col items-center justify-between sm:flex-row"
  >
    <div
      class="flex flex-col items-start gap-1"
    >
      <p
        class="chakra-text css-0"
      >
        Nombre: 
        José Feliciano
         
        Gutierrez García
      </p>
      <p
        class="chakra-text css-0"
      >
        CI: 
        E99885561
      </p>
      <p
        class="chakra-text css-0"
      >
        Edad:
         
        26 años
      </p>
    </div>
    <div
      class="flex w-full flex-col items-end gap-1"
    >
      <a
        class="chakra-link rounded-md bg-black px-4 py-2 font-bold text-white no-underline css-1p1ylbe"
        href="/paciente/3fa85f64-5717-4562-b3fc-2c963f66afa1"
      >
        Ver perfil
      </a>
    </div>
  </div>
</div>
`
