// Jest Snapshot v1, https://goo.gl/fbAQLP

exports[`Organisms > InstitutionProfile test Matches the snapshot 1`] = `
<div
  class="mx-auto block h-screen w-screen overflow-hidden px-8 pb-0 pt-10 false"
  data-testid="institution-profile"
>
  <div
    class="mb-8 flex flex-row justify-between"
  >
    <img
      alt="logo"
      data-nimg="1"
      decoding="async"
      height="80"
      loading="lazy"
      src="/_next/image?url=%2Fstatic%2Fimages%2Flogo-horizontal.png&w=640&q=75"
      srcset="/_next/image?url=%2Fstatic%2Fimages%2Flogo-horizontal.png&w=256&q=75 1x, /_next/image?url=%2Fstatic%2Fimages%2Flogo-horizontal.png&w=640&q=75 2x"
      style="color: transparent;"
      width="200"
    />
  </div>
  <div
    class="mb-8 flex flex-row items-center justify-start"
  >
    <button
      aria-label="back"
      class="chakra-button mr-4 css-84vx7q"
      type="button"
    >
      <svg
        aria-hidden="true"
        class="chakra-icon css-onkibi"
        focusable="false"
        viewBox="0 0 24 24"
      >
        <path
          d="M20 11H7.83l5.59-5.59L12 4l-8 8 8 8 1.41-1.41L7.83 13H20v-2z"
          fill="currentColor"
        />
      </svg>
    </button>
    <p
      class="chakra-text font-medium css-0"
    >
      Perfil de la institución
    </p>
  </div>
  <div
    class="flex h-4/5 flex-col justify-between lg:px-96"
  >
    <div>
      <div
        class="chakra-stack css-1uriqkk"
      >
        <h3
          class="chakra-heading css-ypohwm"
        >
          Clínica Tex Mex
        </h3>
        <p
          class="chakra-text css-0"
        >
          Credencial: 
          14578245
        </p>
      </div>
      <hr
        aria-orientation="horizontal"
        class="chakra-divider css-svjswr"
      />
      <div
        class="chakra-stack css-1420a3n"
      >
        <h4
          class="text-sm text-gray-600"
        >
          Dirección
        </h4>
        <p
          class="chakra-text font-medium css-0"
        >
          Av. Fernandez Peña, 147.
        </p>
      </div>
      <div
        class="chakra-stack css-1420a3n"
      >
        <h4
          class="text-sm text-gray-600"
        >
          Correo electrónico
        </h4>
        <p
          class="chakra-text font-medium css-0"
        >
          test@test.com
        </p>
      </div>
      <div
        class="chakra-stack css-1j35777"
      >
        <h4
          class="text-sm text-gray-600"
        >
          Teléfono
        </h4>
        <p
          class="chakra-text font-medium css-0"
        >
          +582742214441
        </p>
      </div>
      <button
        class="chakra-button mt-56 w-full css-jzcxx5"
        type="button"
      >
        Cerrar sesión
      </button>
    </div>
  </div>
</div>
`
