// Jest Snapshot v1, https://goo.gl/fbAQLP

exports[`Organisms > Institutions test Matches the snapshot 1`] = `
<div
  class="mx-auto block h-screen w-screen overflow-hidden px-8 pb-24 pt-10 false"
  data-testid="institutions"
>
  <div
    class="mb-8 flex flex-row justify-between"
  >
    <div />
    <button
      aria-controls="menu-list-:rd:"
      aria-expanded="false"
      aria-haspopup="menu"
      aria-label="Options"
      class="chakra-button chakra-menu__menu-button css-wpzvz6"
      id="menu-button-:rd:"
      type="button"
    >
      <svg
        aria-hidden="true"
        class="chakra-icon css-onkibi"
        focusable="false"
        viewBox="0 0 24 24"
      >
        <path
          d="M 3 5 A 1.0001 1.0001 0 1 0 3 7 L 21 7 A 1.0001 1.0001 0 1 0 21 5 L 3 5 z M 3 11 A 1.0001 1.0001 0 1 0 3 13 L 21 13 A 1.0001 1.0001 0 1 0 21 11 L 3 11 z M 3 17 A 1.0001 1.0001 0 1 0 3 19 L 21 19 A 1.0001 1.0001 0 1 0 21 17 L 3 17 z"
          fill="currentColor"
        />
      </svg>
    </button>
    <div
      class="css-r6z5ec"
      style="visibility: hidden; position: absolute; min-width: max-content; inset: 0 auto auto 0;"
    >
      <div
        aria-orientation="vertical"
        class="chakra-menu__menu-list css-1kfu8nn"
        id="menu-list-:rd:"
        role="menu"
        style="transform-origin: var(--popper-transform-origin); opacity: 0; visibility: hidden; transform: scale(0.8) translateZ(0);"
        tabindex="-1"
      >
        <button
          class="chakra-menu__menuitem css-18esm8n"
          data-index="0"
          id="menu-list-:rd:-menuitem-:re:"
          role="menuitem"
          tabindex="-1"
          type="button"
        >
          <a
            href="/ministerio/solicitudes"
          >
            Solicitudes pendientes
          </a>
        </button>
        <button
          class="chakra-menu__menuitem css-18esm8n"
          data-index="1"
          id="menu-list-:rd:-menuitem-:rf:"
          role="menuitem"
          tabindex="-1"
          type="button"
        >
          <a
            href="/"
          >
            Cerrar sesión
          </a>
        </button>
      </div>
    </div>
  </div>
  <div
    class="h-full lg:px-80"
  >
    <div
      class="chakra-stack h-full css-8g8ihq"
      data-testid="requests-list"
    >
      <h2
        class="chakra-heading mb-4 css-9f6g39"
      >
        Instituciones con acceso
      </h2>
      <div
        class="overflow-auto"
      >
        <ul
          class="css-155za0w"
          role="list"
        >
          <div
            class="border-b border-black py-4 last:border-transparent"
          >
            <a
              class="chakra-link w-full css-spn4bz"
              data-testid="request-card"
              href="/ministerio/institucion/3fa85f64-5717-4562-b3fc-2c963f66afa9"
            >
              <div
                class="flex flex-row items-center justify-between"
              >
                <div
                  class="flex flex-col items-start gap-1"
                >
                  <b
                    class="chakra-text css-qqfgvy"
                  >
                    Clínica Tex Mex 12
                  </b>
                  <p
                    class="chakra-text css-0"
                  >
                    RIF 14578245
                  </p>
                </div>
                <div />
              </div>
            </a>
          </div>
          <div
            class="border-b border-black py-4 last:border-transparent"
          >
            <a
              class="chakra-link w-full css-spn4bz"
              data-testid="request-card"
              href="/ministerio/institucion/3fa85f64-5717-4562-b3fc-2c963f66af10"
            >
              <div
                class="flex flex-row items-center justify-between"
              >
                <div
                  class="flex flex-col items-start gap-1"
                >
                  <b
                    class="chakra-text css-qqfgvy"
                  >
                    Clínica Tex Mex 13
                  </b>
                  <p
                    class="chakra-text css-0"
                  >
                    RIF 14578245
                  </p>
                </div>
                <div />
              </div>
            </a>
          </div>
          <div
            class="border-b border-black py-4 last:border-transparent"
          >
            <a
              class="chakra-link w-full css-spn4bz"
              data-testid="request-card"
              href="/ministerio/institucion/3fa85f64-5717-4562-b3fc-2c963f66af11"
            >
              <div
                class="flex flex-row items-center justify-between"
              >
                <div
                  class="flex flex-col items-start gap-1"
                >
                  <b
                    class="chakra-text css-qqfgvy"
                  >
                    Clínica Tex Mex 14
                  </b>
                  <p
                    class="chakra-text css-0"
                  >
                    RIF 14578245
                  </p>
                </div>
                <div />
              </div>
            </a>
          </div>
          <div
            class="border-b border-black py-4 last:border-transparent"
          >
            <a
              class="chakra-link w-full css-spn4bz"
              data-testid="request-card"
              href="/ministerio/institucion/3fa85f64-5717-4562-b3fc-2c963f66af12"
            >
              <div
                class="flex flex-row items-center justify-between"
              >
                <div
                  class="flex flex-col items-start gap-1"
                >
                  <b
                    class="chakra-text css-qqfgvy"
                  >
                    Clínica Tex Mex 15
                  </b>
                  <p
                    class="chakra-text css-0"
                  >
                    RIF 14578245
                  </p>
                </div>
                <div />
              </div>
            </a>
          </div>
          <div
            class="border-b border-black py-4 last:border-transparent"
          >
            <a
              class="chakra-link w-full css-spn4bz"
              data-testid="request-card"
              href="/ministerio/institucion/3fa85f64-5717-4562-b3fc-2c963f66af13"
            >
              <div
                class="flex flex-row items-center justify-between"
              >
                <div
                  class="flex flex-col items-start gap-1"
                >
                  <b
                    class="chakra-text css-qqfgvy"
                  >
                    Clínica Tex Mex 16
                  </b>
                  <p
                    class="chakra-text css-0"
                  >
                    RIF 14578245
                  </p>
                </div>
                <div />
              </div>
            </a>
          </div>
          <div
            class="border-b border-black py-4 last:border-transparent"
          >
            <a
              class="chakra-link w-full css-spn4bz"
              data-testid="request-card"
              href="/ministerio/institucion/3fa85f64-5717-4562-b3fc-2c963f66af14"
            >
              <div
                class="flex flex-row items-center justify-between"
              >
                <div
                  class="flex flex-col items-start gap-1"
                >
                  <b
                    class="chakra-text css-qqfgvy"
                  >
                    Clínica Tex Mex 17
                  </b>
                  <p
                    class="chakra-text css-0"
                  >
                    RIF 14578245
                  </p>
                </div>
                <div />
              </div>
            </a>
          </div>
          <div
            class="border-b border-black py-4 last:border-transparent"
          >
            <a
              class="chakra-link w-full css-spn4bz"
              data-testid="request-card"
              href="/ministerio/institucion/3fa85f64-5717-4562-b3fc-2c963f66af15"
            >
              <div
                class="flex flex-row items-center justify-between"
              >
                <div
                  class="flex flex-col items-start gap-1"
                >
                  <b
                    class="chakra-text css-qqfgvy"
                  >
                    Clínica Tex Mex 18
                  </b>
                  <p
                    class="chakra-text css-0"
                  >
                    RIF 14578245
                  </p>
                </div>
                <div />
              </div>
            </a>
          </div>
          <div
            class="border-b border-black py-4 last:border-transparent"
          >
            <a
              class="chakra-link w-full css-spn4bz"
              data-testid="request-card"
              href="/ministerio/institucion/3fa85f64-5717-4562-b3fc-2c963f66af16"
            >
              <div
                class="flex flex-row items-center justify-between"
              >
                <div
                  class="flex flex-col items-start gap-1"
                >
                  <b
                    class="chakra-text css-qqfgvy"
                  >
                    Clínica Tex Mex 19
                  </b>
                  <p
                    class="chakra-text css-0"
                  >
                    RIF 14578245
                  </p>
                </div>
                <div />
              </div>
            </a>
          </div>
          <div
            class="border-b border-black py-4 last:border-transparent"
          >
            <a
              class="chakra-link w-full css-spn4bz"
              data-testid="request-card"
              href="/ministerio/institucion/3fa85f64-5717-4562-b3fc-2c963f66af17"
            >
              <div
                class="flex flex-row items-center justify-between"
              >
                <div
                  class="flex flex-col items-start gap-1"
                >
                  <b
                    class="chakra-text css-qqfgvy"
                  >
                    Clínica Tex Mex 20
                  </b>
                  <p
                    class="chakra-text css-0"
                  >
                    RIF 14578245
                  </p>
                </div>
                <div />
              </div>
            </a>
          </div>
        </ul>
      </div>
    </div>
  </div>
</div>
`
