// Jest Snapshot v1, https://goo.gl/fbAQLP

exports[`Molecules > Forms > AddAttachment test Matches the snapshot 1`] = `
<div
  class="flex h-screen w-screen flex-col overflow-hidden p-8 lg:px-96 pt-8"
  data-testid="add-attachment-form"
>
  <div
    class="mb-8 flex flex-row items-center justify-start"
  >
    <button
      aria-label="back"
      class="chakra-button mr-4 css-84vx7q"
      type="button"
    >
      <svg
        aria-hidden="true"
        class="chakra-icon css-onkibi"
        focusable="false"
        viewBox="0 0 24 24"
      >
        <path
          d="M20 11H7.83l5.59-5.59L12 4l-8 8 8 8 1.41-1.41L7.83 13H20v-2z"
          fill="currentColor"
        />
      </svg>
    </button>
    <p
      class="chakra-text font-medium css-0"
    >
      Nueva orden médica
    </p>
  </div>
  <form
    class="h-full w-full"
  >
    <div
      class="chakra-form-control relative flex h-full w-full flex-col justify-between css-1kxonj9"
      role="group"
    >
      <div
        class="chakra-stack h-5/6 overflow-scroll css-8g8ihq"
      >
        <input
          class="chakra-input min-h-10 css-1cjy4zv"
          id="title"
          name="title"
          placeholder="Titulo de la orden"
        />
        <textarea
          class="chakra-textarea mt-2 css-1msuebi"
          id="description"
          name="description"
          placeholder="Descripción"
        />
      </div>
      <div
        class="absolute bottom-12 w-full"
      >
        <label
          class="mb-4 inline-block h-10 min-h-10 w-full cursor-pointer rounded-md border-2 border-black p-1.5 text-center font-medium"
          for="attachment"
        >
          <svg
            class="chakra-icon css-onkibi"
            focusable="false"
            viewBox="0 0 24 24"
          >
            <path
              d="M21.843,3.455a6.961,6.961,0,0,0-9.846,0L1.619,13.832a5.128,5.128,0,0,0,7.252,7.252L17.3,12.653A3.293,3.293,0,1,0,12.646,8L7.457,13.184A1,1,0,1,0,8.871,14.6L14.06,9.409a1.294,1.294,0,0,1,1.829,1.83L7.457,19.67a3.128,3.128,0,0,1-4.424-4.424L13.411,4.869a4.962,4.962,0,1,1,7.018,7.018L12.646,19.67a1,1,0,1,0,1.414,1.414L21.843,13.3a6.96,6.96,0,0,0,0-9.846Z"
              fill="currentColor"
            />
          </svg>
           Adjuntar imagen
        </label>
        <input
          class="chakra-input hidden css-1cjy4zv"
          id="attachment"
          name="attachment"
          type="file"
        />
        <button
          class="chakra-button w-full css-ez23ye"
          type="submit"
        >
          Guardar
        </button>
      </div>
    </div>
  </form>
</div>
`
