// Jest Snapshot v1, https://goo.gl/fbAQLP

exports[`Atoms > Cards > Doctor test Matches the snapshot 1`] = `
<a
  class="chakra-link w-full css-spn4bz"
  data-testid="doctor-card"
  href="/medico/1000000/1000000"
>
  <div
    class="flex flex-row items-center justify-between"
  >
    <div
      class="flex flex-col items-start gap-1 overflow-hidden"
    >
      <p
        class="chakra-text css-0"
      >
        José
         
        Pérez
      </p>
      <div
        class="flex flex-row flex-wrap items-center gap-2"
      >
        <p
          class="chakra-text text-nowrap css-0"
        >
          CI: 
          1000000
        </p>
        <p
          class="chakra-text text-wrap css-0"
        >
          Alergología, 
          Cardiología.
        </p>
      </div>
    </div>
    <div />
  </div>
</a>
`
