// Jest Snapshot v1, https://goo.gl/fbAQLP

exports[`Organisms > InstitutionDoctor test Matches the snapshot 1`] = `
<div
  class="mx-auto block h-screen w-screen overflow-hidden px-8 pb-0 pt-10 false"
  data-testid="institution-doctor"
>
  <div
    class="mb-8 flex flex-row justify-between"
  >
    <img
      alt="logo"
      data-nimg="1"
      decoding="async"
      height="80"
      loading="lazy"
      src="/_next/image?url=%2Fstatic%2Fimages%2Flogo-horizontal.png&w=640&q=75"
      srcset="/_next/image?url=%2Fstatic%2Fimages%2Flogo-horizontal.png&w=256&q=75 1x, /_next/image?url=%2Fstatic%2Fimages%2Flogo-horizontal.png&w=640&q=75 2x"
      style="color: transparent;"
      width="200"
    />
  </div>
  <div
    class="mb-8 flex flex-row items-center justify-start"
  >
    <button
      aria-label="back"
      class="chakra-button mr-4 css-84vx7q"
      type="button"
    >
      <svg
        aria-hidden="true"
        class="chakra-icon css-onkibi"
        focusable="false"
        viewBox="0 0 24 24"
      >
        <path
          d="M20 11H7.83l5.59-5.59L12 4l-8 8 8 8 1.41-1.41L7.83 13H20v-2z"
          fill="currentColor"
        />
      </svg>
    </button>
    <p
      class="chakra-text font-medium css-0"
    >
      Perfil del médico
    </p>
  </div>
  <div
    class="flex h-4/5 flex-col justify-between lg:px-96"
  >
    <div>
      <div
        class="chakra-stack css-1uriqkk"
      >
        <h3
          class="chakra-heading css-ypohwm"
        >
          José
           
          Pérez
        </h3>
        <p
          class="chakra-text css-0"
        >
          CI: 
          1.000.000
        </p>
      </div>
      <hr
        aria-orientation="horizontal"
        class="chakra-divider css-svjswr"
      />
      <div
        class="chakra-stack css-1420a3n"
      >
        <h4
          class="text-sm text-gray-600"
        >
          Especialidad
        </h4>
        <div
          class="flex flex-row flex-wrap gap-2"
        >
          <p
            class="chakra-text text-nowrap font-medium css-0"
          >
            Alergología
          </p>
        </div>
      </div>
      <div
        class="chakra-stack css-1j35777"
      >
        <h4
          class="text-sm text-gray-600"
        >
          Fecha de nacimiento
        </h4>
        <p
          class="chakra-text font-medium css-0"
        >
          17 de septiembre, 1997
        </p>
      </div>
      <div
        class="chakra-stack css-1j35777"
      >
        <h4
          class="text-sm text-gray-600"
        >
          Correo electrónico
        </h4>
        <p
          class="chakra-text font-medium css-0"
        >
          joseperez@gmail.com
        </p>
      </div>
      <div
        class="chakra-stack css-1j35777"
      >
        <h4
          class="text-sm text-gray-600"
        >
          Teléfono
        </h4>
        <p
          class="chakra-text font-medium css-0"
        >
          4127775522
        </p>
      </div>
    </div>
    <div
      class="mb-4 flex w-full flex-row"
    >
      <button
        class="chakra-button mr-2 flex-grow css-11494p6"
        type="button"
      >
        Rechazar
      </button>
      <button
        class="chakra-button ml-2 flex-grow css-ez23ye"
        type="button"
      >
        Aceptar
      </button>
    </div>
  </div>
</div>
`
