// Jest Snapshot v1, https://goo.gl/fbAQLP

exports[`Molecules > Forms > Register test Step 1 matches the snapshot: register-step-1 1`] = `
<form
  class="h-full w-full"
  data-testid="register-step-1"
>
  <div
    class="chakra-form-control flex h-full w-full flex-col justify-between css-1kxonj9"
    role="group"
  >
    <img
      alt="logo"
      class="mx-auto my-4 hidden md:block"
      data-nimg="1"
      decoding="async"
      height="80"
      loading="lazy"
      src="/_next/image?url=%2Fstatic%2Fimages%2Flogo-horizontal.png&w=640&q=75"
      srcset="/_next/image?url=%2Fstatic%2Fimages%2Flogo-horizontal.png&w=256&q=75 1x, /_next/image?url=%2Fstatic%2Fimages%2Flogo-horizontal.png&w=640&q=75 2x"
      style="color: transparent;"
      width="200"
    />
    <h2
      class="chakra-heading css-170f0s2"
    >
      Registro
    </h2>
    <h2
      class="chakra-heading css-89pyn4"
    >
      Datos personales
    </h2>
    <div
      class="chakra-stack mb-4 h-3/4 overflow-scroll css-8g8ihq"
    >
      <div
        class=" css-b62m3t-container"
        id="type"
      >
        <span
          class="css-1f43avz-a11yText-A11yText"
          id="react-select-4-live-region"
        />
        <span
          aria-atomic="false"
          aria-live="polite"
          aria-relevant="additions text"
          class="css-1f43avz-a11yText-A11yText"
          role="log"
        />
        <div
          class=" css-13cymwt-control"
        >
          <div
            class=" css-1fdsijx-ValueContainer"
          >
            <div
              class=" css-1jqq78o-placeholder"
              id="react-select-4-placeholder"
            >
              Tipo
            </div>
            <div
              class=" css-qbdosj-Input"
              data-value=""
            >
              <input
                aria-activedescendant=""
                aria-autocomplete="list"
                aria-describedby="react-select-4-placeholder"
                aria-expanded="false"
                aria-haspopup="true"
                autocapitalize="none"
                autocomplete="off"
                autocorrect="off"
                class=""
                id="react-select-4-input"
                role="combobox"
                spellcheck="false"
                style="opacity: 1; width: 100%; grid-area: 1 / 2; min-width: 2px; border: 0px; margin: 0px; outline: 0; padding: 0px;"
                tabindex="0"
                type="text"
                value=""
              />
            </div>
          </div>
          <div
            class=" css-1hb7zxy-IndicatorsContainer"
          >
            <span
              class=" css-1u9des2-indicatorSeparator"
            />
            <div
              aria-hidden="true"
              class=" css-1xc3v61-indicatorContainer"
            >
              <svg
                aria-hidden="true"
                class="css-tj5bde-Svg"
                focusable="false"
                height="20"
                viewBox="0 0 20 20"
                width="20"
              >
                <path
                  d="M4.516 7.548c0.436-0.446 1.043-0.481 1.576 0l3.908 3.747 3.908-3.747c0.533-0.481 1.141-0.446 1.574 0 0.436 0.445 0.408 1.197 0 1.615-0.406 0.418-4.695 4.502-4.695 4.502-0.217 0.223-0.502 0.335-0.787 0.335s-0.57-0.112-0.789-0.335c0 0-4.287-4.084-4.695-4.502s-0.436-1.17 0-1.615z"
                />
              </svg>
            </div>
          </div>
        </div>
        <input
          name="type"
          type="hidden"
          value=""
        />
      </div>
      <input
        class="chakra-input mt-2 min-h-10 css-1cjy4zv"
        id="firstname"
        name="firstname"
        placeholder="Nombres"
      />
      <input
        class="chakra-input mt-2 min-h-10 css-1cjy4zv"
        id="lastname"
        name="lastname"
        placeholder="Apellidos"
      />
      <div
        class="mt-2 css-b62m3t-container"
        id="gender"
      >
        <span
          class="css-1f43avz-a11yText-A11yText"
          id="react-select-5-live-region"
        />
        <span
          aria-atomic="false"
          aria-live="polite"
          aria-relevant="additions text"
          class="css-1f43avz-a11yText-A11yText"
          role="log"
        />
        <div
          class=" css-13cymwt-control"
        >
          <div
            class=" css-1fdsijx-ValueContainer"
          >
            <div
              class=" css-1jqq78o-placeholder"
              id="react-select-5-placeholder"
            >
              Sexo
            </div>
            <div
              class=" css-qbdosj-Input"
              data-value=""
            >
              <input
                aria-activedescendant=""
                aria-autocomplete="list"
                aria-describedby="react-select-5-placeholder"
                aria-expanded="false"
                aria-haspopup="true"
                autocapitalize="none"
                autocomplete="off"
                autocorrect="off"
                class=""
                id="react-select-5-input"
                role="combobox"
                spellcheck="false"
                style="opacity: 1; width: 100%; grid-area: 1 / 2; min-width: 2px; border: 0px; margin: 0px; outline: 0; padding: 0px;"
                tabindex="0"
                type="text"
                value=""
              />
            </div>
          </div>
          <div
            class=" css-1hb7zxy-IndicatorsContainer"
          >
            <span
              class=" css-1u9des2-indicatorSeparator"
            />
            <div
              aria-hidden="true"
              class=" css-1xc3v61-indicatorContainer"
            >
              <svg
                aria-hidden="true"
                class="css-tj5bde-Svg"
                focusable="false"
                height="20"
                viewBox="0 0 20 20"
                width="20"
              >
                <path
                  d="M4.516 7.548c0.436-0.446 1.043-0.481 1.576 0l3.908 3.747 3.908-3.747c0.533-0.481 1.141-0.446 1.574 0 0.436 0.445 0.408 1.197 0 1.615-0.406 0.418-4.695 4.502-4.695 4.502-0.217 0.223-0.502 0.335-0.787 0.335s-0.57-0.112-0.789-0.335c0 0-4.287-4.084-4.695-4.502s-0.436-1.17 0-1.615z"
                />
              </svg>
            </div>
          </div>
        </div>
        <input
          name="gender"
          type="hidden"
          value=""
        />
      </div>
      <input
        class="chakra-input mt-2 min-h-10 css-1cjy4zv"
        id="id"
        name="id"
        placeholder="Cédula"
      />
      <input
        class="chakra-input mt-2 min-h-10 css-1cjy4zv"
        id="birthdate"
        name="birthdate"
        placeholder="Fecha de nacimiento"
        type="date"
      />
      <input
        class="chakra-input mt-2 min-h-10 css-1cjy4zv"
        id="email"
        name="email"
        placeholder="Correo electrónico"
      />
      <div
        class="chakra-input__group mt-2 css-1y0e7gb"
        data-group="true"
      >
        <div
          class="chakra-input__left-addon css-127xmqf"
        >
          +58
        </div>
        <input
          class="chakra-input min-h-10 css-10wjqo2"
          id="phone"
          name="phone"
          placeholder="Teléfono"
          type="tel"
        />
      </div>
    </div>
    <button
      class="chakra-button css-ez23ye"
      type="submit"
    >
      Siguiente
    </button>
  </div>
</form>
`
